make[2]: *** [libs/chemfiles/CMakeFiles/chemfiles_objects.dir/build.make:89: libs/chemfiles/CMakeFiles/chemfiles_objects.dir/src/File.cpp.o] Interrupt
make[1]: *** [CMakeFiles/Makefile2:446: libs/chemfiles/CMakeFiles/chemfiles_objects.dir/all] Interrupt
make: *** [Makefile:141: all] Interrupt
